
> next-app@0.1.0 build
> next build

Γû▓ Next.js 16.1.4 (Turbopack)
- Environments: .env

  Creating an optimized production build ...
Γ£ô Compiled successfully in 5.8s
  Running TypeScript ...
node.exe : Failed to compile.
At line:1 char:1
+ & "C:\Program Files\nodejs/node.exe" "C:\Users\HASIB 
STORE\AppData\Ro ...
+ ~~~~~~~~~~~~~~~~~~~~~~~~~~~~~~~~~~~~~~~~~~~~~~~~~~~~~~~~~
~~~~~~~~~~~~
    + CategoryInfo          : NotSpecified: (Failed to com 
   pile.:String) [], RemoteException
    + FullyQualifiedErrorId : NativeCommandError
 

./src/context/LanguageContext.tsx:40:17
Type error: Type '{ app_name: string; home: string; 
dashboard: string; login: string; logout: string; 
register: string; welcome: string; role: string; roles: { 
SUPERADMIN: string; ADMIN: string; TEACHER: string; 
STUDENT: string; PARENT: string; STAFF: string; }; 
register_page: { ...; }; signin_page: { ...; }; 
dashboards: { ...; }; st...' is not assignable to type '{ 
app_name: string; home: string; dashboard: string; login: 
string; logout: string; register: string; welcome: string; 
role: string; roles: { SUPERADMIN: string; ADMIN: string; 
TEACHER: string; STUDENT: string; PARENT: string; STAFF: 
string; }; register_page: { ...; }; signin_page: { ...; }; 
dashboards: { ...; }; st...'. Two different types with 
this name exist, but they are unrelated.
  Type '{ app_name: string; home: string; dashboard: 
string; login: string; logout: string; register: string; 
welcome: string; role: string; roles: { SUPERADMIN: 
string; ADMIN: string; TEACHER: string; STUDENT: string; 
PARENT: string; STAFF: string; }; register_page: { ...; }; 
signin_page: { ...; }; dashboards: { ...; }; st...' is not 
assignable to type '{ app_name: string; home: string; 
dashboard: string; login: string; logout: string; 
register: string; welcome: string; role: string; roles: { 
SUPERADMIN: string; ADMIN: string; TEACHER: string; 
STUDENT: string; PARENT: string; STAFF: string; }; 
register_page: { ...; }; signin_page: { ...; }; 
dashboards: { ...; }; st...'. Two different types with 
this name exist, but they are unrelated.
    Types of property 'dashboards' are incompatible.
      Property 'students_list' is missing in type '{ 
superadmin: string; admin: string; teacher: string; 
student: string; parent: string; manage_promotions: 
string; manage_students: string; add_student: string; 
request_promotion: string; contact_superadmin: string; ... 
42 more ...; new_class: { ...; }; }' but required in type 
'{ superadmin: string; admin: string; teacher: string; 
student: string; parent: string; manage_promotions: 
string; manage_students: string; add_student: string; 
request_promotion: string; contact_superadmin: string; ... 
43 more ...; new_class: { ...; }; }'.

[0m [90m 38 |[39m                 language[33m,[39m
 [90m 39 |[39m                 setLanguage[33m:[39m 
handleSetLanguage[33m,[39m
[31m[1m>[22m[39m[90m 40 |[39m                 
t[33m:[39m dictionary[language][33m,[39m
 [90m    |[39m                 [31m[1m^[22m[39m
 [90m 41 |[39m                 dir
 [90m 42 |[39m             }}
 [90m 43 |[39m         [33m>[39m[0m
Next.js build worker exited with code: 1 and signal: null
